=== contracts:check ===
 WARN  Unsupported engine: wanted: {"node":">=22.17.0 <23 || >=24 <25"} (current: {"node":"v25.0.0","pnpm":"10.18.3"})

> translunar-cat@0.1.0 contracts:check K:\Workbench\CAT
> node scripts/check-contracts.mjs

Protocol contracts are current.
EXIT:0
=== docs:check ===
 WARN  Unsupported engine: wanted: {"node":">=22.17.0 <23 || >=24 <25"} (current: {"node":"v25.0.0","pnpm":"10.18.3"})

> translunar-cat@0.1.0 docs:check K:\Workbench\CAT
> node -e "for (const f of ['docs/packaging.md','docs/tutorial.md','docs/contributing.md','docs/plugins/README.md','docs/release-signing.md','docs/accessibility-matrix.md','LICENSE','SECURITY.md','CODE_OF_CONDUCT.md']) require('fs').accessSync(f)"

EXIT:0
=== typecheck (packages) ===
 WARN  Unsupported engine: wanted: {"node":">=22.17.0 <23 || >=24 <25"} (current: {"node":"v25.0.0","pnpm":"10.18.3"})

> translunar-cat@0.1.0 typecheck K:\Workbench\CAT
> pnpm -r --if-present typecheck

.                                        |  WARN  Unsupported engine: wanted: {"node":">=22.17.0 <23 || >=24 <25"} (current: {"node":"v25.0.0","pnpm":"10.18.3"})
Scope: 3 of 4 workspace projects
packages/contracts typecheck$ tsc -p tsconfig.json --noEmit
packages/plugin-sdk typecheck$ tsc -p tsconfig.json --noEmit && tsc -p tsconfig.example.json --noEmit
packages/contracts typecheck: Done
packages/plugin-sdk typecheck: Done
apps/desktop pretypecheck$ pnpm --filter @translunar/contracts build
apps/desktop pretypecheck: ../..                                    |  WARN  Unsupported engine: wanted: {"node":">=22.17.0 <23 || >=24 <25"} (current: {"node":"v25.0.0","pnpm":"10.18.3"})
apps/desktop pretypecheck: > @translunar/contracts@0.1.0 build K:\Workbench\CAT\packages\contracts
apps/desktop pretypecheck: > tsc -p tsconfig.build.json
apps/desktop pretypecheck: Done
apps/desktop typecheck$ tsc -p tsconfig.electron.json --noEmit && tsc -p tsconfig.renderer.json && tsc -p tsconfig.e2e.json
apps/desktop typecheck: src/renderer/PluginPanelHost.tsx(209,38): error TS2379: Argument of type '{ port: MessagePort; nonce: string; context: { pluginId: string; contributionId: string; revision: number; }; result: { pluginName: string; contributionName: string; revision: number; }; allowedMethods: readonly PanelBridgeMethod[]; selectionContext: { ...; } | undefined; onReady: () => void; onClosed: (reason: Brid...' is not assignable to parameter of type 'PanelBridgeOptions' with 'exactOptionalPropertyTypes: true'. Consider adding 'undefined' to the types of the target's properties.
apps/desktop typecheck:   Types of property 'selectionContext' are incompatible.
apps/desktop typecheck:     Type '{ sourceLocale?: string; targetLocale?: string; hasActiveSegment: boolean; } | undefined' is not assignable to type '{ sourceLocale?: string; targetLocale?: string; hasActiveSegment: boolean; }'.
apps/desktop typecheck:       Type 'undefined' is not assignable to type '{ sourceLocale?: string; targetLocale?: string; hasActiveSegment: boolean; }'.
apps/desktop typecheck: Failed
K:\Workbench\CAT\apps\desktop:
 ERR_PNPM_RECURSIVE_RUN_FIRST_FAIL  @translunar/desktop@0.1.0 typecheck: `tsc -p tsconfig.electron.json --noEmit && tsc -p tsconfig.renderer.json && tsc -p tsconfig.e2e.json`
Exit status 2
 ELIFECYCLE  Command failed with exit code 2.
EXIT:2
