=== format (write our files first if needed) ===
apps/desktop/src/renderer/PluginAiActions.tsx 108ms
apps/desktop/src/renderer/PluginWorkbenchPanels.tsx 24ms (unchanged)
apps/desktop/src/renderer/PluginPanelHost.tsx 73ms
apps/desktop/src/renderer/Workbench.tsx 325ms (unchanged)
apps/desktop/src/renderer/styles.css 463ms (unchanged)
apps/desktop/src/renderer/i18n/messages.ts 130ms (unchanged)
packages/plugin-sdk/src/ai-ui.ts 22ms (unchanged)
packages/plugin-sdk/src/ai-ui.test.ts 7ms (unchanged)
packages/plugin-sdk/src/index.ts 147ms
packages/contracts/src/index.ts 5ms (unchanged)
=== format:check subset ===
Checking formatting...
All matched files use Prettier code style!
=== eslint desktop/contracts ===

K:\Workbench\CAT\apps\desktop\src\renderer\PluginPanelHost.tsx
  556:17  error  This assertion is unnecessary since it does not change the type of the expression  @typescript-eslint/no-unnecessary-type-assertion

✖ 1 problem (1 error, 0 warnings)
  1 error and 0 warnings potentially fixable with the `--fix` option.

=== clippy engine plugin-runtime storage protocol ===
    Checking translunar-protocol v0.1.0 (K:\Workbench\CAT\crates\protocol)
    Checking translunar-storage v0.1.0 (K:\Workbench\CAT\crates\storage)
    Checking translunar-engine v0.1.0 (K:\Workbench\CAT\crates\engine)
    Finished `dev` profile [unoptimized + debuginfo] target(s) in 20.87s
