=== plugin-sdk ===

> @translunar/plugin-sdk@0.1.0 build:example K:\Workbench\CAT\packages\plugin-sdk
> node scripts/build-hello-srt.mjs


> @translunar/plugin-sdk@0.1.0 test K:\Workbench\CAT\packages\plugin-sdk
> vitest run


 RUN  v4.1.10 K:/Workbench/CAT/packages/plugin-sdk

 ✓ src/ai-ui.test.ts (4 tests) 6ms
 ✓ src/qa-pipeline.test.ts (6 tests) 169ms
 ✓ src/index.test.ts (24 tests) 174ms

 Test Files  3 passed (3)
      Tests  34 passed (34)
   Start at  02:26:48
   Duration  1.07s (transform 415ms, setup 0ms, import 892ms, tests 349ms, environment 0ms)

=== engine plugin ai ===
   Compiling translunar-protocol v0.1.0 (K:\Workbench\CAT\crates\protocol)
   Compiling translunar-engine v0.1.0 (K:\Workbench\CAT\crates\engine)
error[E0277]: `plugin_ai_ui::tests::AllowAll` doesn't implement `Debug`
   --> crates\engine\src\plugin_ai_ui.rs:700:41
    |
700 |     impl PluginCapabilityAuthorizer for AllowAll {
    |                                         ^^^^^^^^ the trait `Debug` is not implemented for `plugin_ai_ui::tests::AllowAll`
    |
    = note: add `#[derive(Debug)]` to `plugin_ai_ui::tests::AllowAll` or manually `impl Debug for plugin_ai_ui::tests::AllowAll`
note: required by a bound in `translunar_plugin_runtime::PluginCapabilityAuthorizer`
   --> crates\plugin-runtime\src\lib.rs:656:53
    |
656 | pub trait PluginCapabilityAuthorizer: Send + Sync + std::fmt::Debug {
    |                                                     ^^^^^^^^^^^^^^^ required by this bound in `PluginCapabilityAuthorizer`
help: consider annotating `plugin_ai_ui::tests::AllowAll` with `#[derive(Debug)]`
    |
698 +     #[derive(Debug)]
699 |     struct AllowAll;
    |

For more information about this error, try `rustc --explain E0277`.
error: could not compile `translunar-engine` (lib test) due to 1 previous error
warning: build failed, waiting for other jobs to finish...
   Compiling translunar-engine v0.1.0 (K:\Workbench\CAT\crates\engine)
error[E0277]: `plugin_ai_ui::tests::AllowAll` doesn't implement `Debug`
   --> crates\engine\src\plugin_ai_ui.rs:700:41
    |
700 |     impl PluginCapabilityAuthorizer for AllowAll {
    |                                         ^^^^^^^^ the trait `Debug` is not implemented for `plugin_ai_ui::tests::AllowAll`
    |
    = note: add `#[derive(Debug)]` to `plugin_ai_ui::tests::AllowAll` or manually `impl Debug for plugin_ai_ui::tests::AllowAll`
note: required by a bound in `translunar_plugin_runtime::PluginCapabilityAuthorizer`
   --> crates\plugin-runtime\src\lib.rs:656:53
    |
656 | pub trait PluginCapabilityAuthorizer: Send + Sync + std::fmt::Debug {
    |                                                     ^^^^^^^^^^^^^^^ required by this bound in `PluginCapabilityAuthorizer`
help: consider annotating `plugin_ai_ui::tests::AllowAll` with `#[derive(Debug)]`
    |
698 +     #[derive(Debug)]
699 |     struct AllowAll;
    |

For more information about this error, try `rustc --explain E0277`.
error: could not compile `translunar-engine` (lib test) due to 1 previous error
=== smoke plugin ===
 WARN  Unsupported engine: wanted: {"node":">=22.17.0 <23 || >=24 <25"} (current: {"node":"v25.0.0","pnpm":"10.18.3"})

> translunar-cat@0.1.0 test:e2e:engine K:\Workbench\CAT
> cargo build -p translunar-engine && node scripts/engine-smoke.mjs

   Compiling translunar-engine v0.1.0 (K:\Workbench\CAT\crates\engine)
    Finished `dev` profile [unoptimized + debuginfo] target(s) in 5.81s
file:///K:/Workbench/CAT/scripts/engine-smoke.mjs:7639
  if (!condition) throw new Error(message);
                        ^

Error: Tier 1 pipeline should execute deterministically
    at assert (file:///K:/Workbench/CAT/scripts/engine-smoke.mjs:7639:25)
    at exerciseFocusedPluginSmoke (file:///K:/Workbench/CAT/scripts/engine-smoke.mjs:2504:3)
    at process.processTicksAndRejections (node:internal/process/task_queues:103:5)
    at async main (file:///K:/Workbench/CAT/scripts/engine-smoke.mjs:101:9)
    at async file:///K:/Workbench/CAT/scripts/engine-smoke.mjs:7642:1

Node.js v25.0.0
 ELIFECYCLE  Command failed with exit code 1.
